Testing username extraction...
============================================================
Loaded 10 proxies
Loaded 13 cookies
Created CSV file: scraped_data/twitter_scrape_test_user_133738.csv
python : Traceback (most recent call last):
At line:1 char:1
+ python test_username_fix.py 2>&1 | Out-File test_output.txt; Get-Cont ...
+ ~~~~~~~~~~~~~~~~~~~~~~~~~~~~~~~~
    + CategoryInfo          : NotSpecified: (Traceback (most recent call last)::String) [], 
    RemoteException
    + FullyQualifiedErrorId : NativeCommandError
 
  File "C:\Users\kisma\Desktop\X scraper\test_username_fix.py", line 13, in <module>
    result = scraper.scrape(
             ^^^^^^^^^^^^^^^
  File "C:\Users\kisma\Desktop\X scraper\scraper\playwright_scraper.py", line 60, in scrape
    print(f"\U0001f680 STARTING SCRAPE: {self.num_tabs} parallel tabs")
  File "C:\Program Files\Python312\Lib\encodings\cp1252.py", line 19, in encode
    return codecs.charmap_encode(input,self.errors,encoding_table)[0]
           ^^^^^^^^^^^^^^^^^^^^^^^^^^^^^^^^^^^^^^^^^^^^^^^^^^^^^^^
UnicodeEncodeError: 'charmap' codec can't encode character '\U0001f680' in position 0: 
character maps to <undefined>
